// Jest Snapshot v1, https://goo.gl/fbAQLP

exports[`The component render without crash 1`] = `ShallowWrapper {}`;
