// Jest Snapshot v1, https://goo.gl/fbAQLP

exports[`Component renders without crash 1`] = `ShallowWrapper {}`;
